// Jest Snapshot v1, https://goo.gl/fbAQLP

exports[`return CategoryFilter component 1`] = `
<select
  className="form-control mt-2"
  onChange={[Function]}
>
  <option
    value="All"
  >
    All gen
  </option>
  <option
    value="gen-1"
  >
    gen-1
  </option>
  <option
    value="gen-2"
  >
    gen-2
  </option>
  <option
    value="gen-3"
  >
    gen-3
  </option>
</select>
`;
